// Jest Snapshot v1, https://goo.gl/fbAQLP

exports[`snippets routes GET / can get snippet interaction by external snippet ID 1`] = `
{
  "createdAt": "1970-01-01T00:00:00.005Z",
  "id": "AKM3eEd",
  "snippetId": "BQAYLpr",
  "updatedAt": "1970-01-01T00:00:00.010Z",
  "views": 0,
}
`;
